// Jest Snapshot v1, https://goo.gl/fbAQLP

exports[`<Header/> Snapshot Probar el snapshot de Header 1`] = `
LoadedCheerio {
  "0": <div
    class="Header"
  >
    <h1
      class="Header-title"
    >
      <a
        href="/"
      >
        Platzi Store
      </a>
    </h1>
    <div
      class="Header-checkout"
    >
      <a
        href="/checkout"
      >
        <i
          class="fas fa-shopping-basket"
        />
      </a>
    </div>
  </div>,
  "_root": LoadedCheerio {
    "0": Document {
      "children": [
        <html>
          <head />
          <body />
        </html>,
      ],
      "endIndex": null,
      "next": null,
      "parent": null,
      "prev": null,
      "startIndex": null,
      "type": "root",
      "x-mode": "quirks",
    },
    "_root": [Circular],
    "length": 1,
    "options": {
      "decodeEntities": true,
      "xml": false,
    },
  },
  "length": 1,
  "options": {
    "decodeEntities": true,
    "xml": false,
  },
}
`;
